20:54:09 **** Incremental Build of configuration Debug for project tdse-tpf ****
make -j8 all 
arm-none-eabi-size  tdse-tpf.elf 
   text	   data	    bss	    dec	    hex	filename
  17436	    140	   2316	  19892	   4db4	tdse-tpf.elf
Finished building: default.size.stdout
 
20:54:45 **** Incremental Build of configuration Debug for project tdse-tpf ****
make -j8 all 
arm-none-eabi-size  tdse-tpf.elf 
   text	   data	    bss	    dec	    hex	filename
  17436	    140	   2316	  19892	   4db4	tdse-tpf.elf
Finished building: default.size.stdout
 
12:13:17 **** Incremental Build of configuration Debug for project tdse-tpf ****
make -j8 all 
arm-none-eabi-gcc "../app/src/app.c" -mcpu=cortex-m3 -std=gnu11 -g3 -DDEBUG -DUSE_HAL_DRIVER -DSTM32F103xB -c -I../Core/Inc -I../Drivers/STM32F1xx_HAL_Driver/Inc -I../Drivers/STM32F1xx_HAL_Driver/Inc/Legacy -I../Drivers/CMSIS/Device/ST/STM32F1xx/Include -I../Drivers/CMSIS/Include -I"C:/Users/agust/OneDrive/Archivo/Facu/Materias/2025C1/Taller de Sistemas Embebidos/TPF/tdse_workspace_tpf/tdse-tpf/app/inc" -O0 -ffunction-sections -fdata-sections -Wall -fstack-usage -fcyclomatic-complexity -MMD -MP -MF"app/src/app.d" -MT"app/src/app.o" --specs=nano.specs -mfloat-abi=soft -mthumb -o "app/src/app.o"
../app/src/app.c: In function 'app_update':
../app/src/app.c:140:25: warning: implicit declaration of function 'put_event_task_actuator' [-Wimplicit-function-declaration]
  140 |                         put_event_task_actuator(EV_BINDS_XX_CLOSE,ID_BINDS);
      |                         ^~~~~~~~~~~~~~~~~~~~~~~
../app/src/app.c:140:49: error: 'EV_BINDS_XX_CLOSE' undeclared (first use in this function)
  140 |                         put_event_task_actuator(EV_BINDS_XX_CLOSE,ID_BINDS);
      |                                                 ^~~~~~~~~~~~~~~~~
../app/src/app.c:140:49: note: each undeclared identifier is reported only once for each function it appears in
../app/src/app.c:140:67: error: 'ID_BINDS' undeclared (first use in this function)
  140 |                         put_event_task_actuator(EV_BINDS_XX_CLOSE,ID_BINDS);
      |                                                                   ^~~~~~~~
../app/src/app.c:141:49: error: 'EV_BINDS_XX_OPEN' undeclared (first use in this function)
  141 |                         put_event_task_actuator(EV_BINDS_XX_OPEN,ID_BINDS);
      |                                                 ^~~~~~~~~~~~~~~~
make: *** [app/src/subdir.mk:31: app/src/app.o] Error 1
"make -j8 all" terminated with exit code 2. Build might be incomplete.
12:14:21 **** Incremental Build of configuration Debug for project tdse-tpf ****
make -j8 all 
arm-none-eabi-gcc "../app/src/app.c" -mcpu=cortex-m3 -std=gnu11 -g3 -DDEBUG -DUSE_HAL_DRIVER -DSTM32F103xB -c -I../Core/Inc -I../Drivers/STM32F1xx_HAL_Driver/Inc -I../Drivers/STM32F1xx_HAL_Driver/Inc/Legacy -I../Drivers/CMSIS/Device/ST/STM32F1xx/Include -I../Drivers/CMSIS/Include -I"C:/Users/agust/OneDrive/Archivo/Facu/Materias/2025C1/Taller de Sistemas Embebidos/TPF/tdse_workspace_tpf/tdse-tpf/app/inc" -O0 -ffunction-sections -fdata-sections -Wall -fstack-usage -fcyclomatic-complexity -MMD -MP -MF"app/src/app.d" -MT"app/src/app.o" --specs=nano.specs -mfloat-abi=soft -mthumb -o "app/src/app.o"
In file included from ../app/src/app.c:54:
C:/Users/agust/OneDrive/Archivo/Facu/Materias/2025C1/Taller de Sistemas Embebidos/TPF/tdse_workspace_tpf/tdse-tpf/app/inc/task_actuator_interface.h:55:37: error: unknown type name 'task_actuator_ev_t'
   55 | extern void put_event_task_actuator(task_actuator_ev_t event, task_actuator_id_t identifier);
      |                                     ^~~~~~~~~~~~~~~~~~
C:/Users/agust/OneDrive/Archivo/Facu/Materias/2025C1/Taller de Sistemas Embebidos/TPF/tdse_workspace_tpf/tdse-tpf/app/inc/task_actuator_interface.h:55:63: error: unknown type name 'task_actuator_id_t'
   55 | extern void put_event_task_actuator(task_actuator_ev_t event, task_actuator_id_t identifier);
      |                                                               ^~~~~~~~~~~~~~~~~~
../app/src/app.c: In function 'app_update':
../app/src/app.c:147:25: warning: implicit declaration of function 'put_event_task_actuator' [-Wimplicit-function-declaration]
  147 |                         put_event_task_actuator(EV_BINDS_XX_CLOSE,ID_BINDS);
      |                         ^~~~~~~~~~~~~~~~~~~~~~~
../app/src/app.c:147:49: error: 'EV_BINDS_XX_CLOSE' undeclared (first use in this function)
  147 |                         put_event_task_actuator(EV_BINDS_XX_CLOSE,ID_BINDS);
      |                                                 ^~~~~~~~~~~~~~~~~
../app/src/app.c:147:49: note: each undeclared identifier is reported only once for each function it appears in
../app/src/app.c:147:67: error: 'ID_BINDS' undeclared (first use in this function)
  147 |                         put_event_task_actuator(EV_BINDS_XX_CLOSE,ID_BINDS);
      |                                                                   ^~~~~~~~
../app/src/app.c:148:49: error: 'EV_BINDS_XX_OPEN' undeclared (first use in this function)
  148 |                         put_event_task_actuator(EV_BINDS_XX_OPEN,ID_BINDS);
      |                                                 ^~~~~~~~~~~~~~~~
make: *** [app/src/subdir.mk:31: app/src/app.o] Error 1
"make -j8 all" terminated with exit code 2. Build might be incomplete.
12:14:58 **** Incremental Build of configuration Debug for project tdse-tpf ****
make -j8 all 
arm-none-eabi-gcc "../app/src/app.c" -mcpu=cortex-m3 -std=gnu11 -g3 -DDEBUG -DUSE_HAL_DRIVER -DSTM32F103xB -c -I../Core/Inc -I../Drivers/STM32F1xx_HAL_Driver/Inc -I../Drivers/STM32F1xx_HAL_Driver/Inc/Legacy -I../Drivers/CMSIS/Device/ST/STM32F1xx/Include -I../Drivers/CMSIS/Include -I"C:/Users/agust/OneDrive/Archivo/Facu/Materias/2025C1/Taller de Sistemas Embebidos/TPF/tdse_workspace_tpf/tdse-tpf/app/inc" -O0 -ffunction-sections -fdata-sections -Wall -fstack-usage -fcyclomatic-complexity -MMD -MP -MF"app/src/app.d" -MT"app/src/app.o" --specs=nano.specs -mfloat-abi=soft -mthumb -o "app/src/app.o"
In file included from ../app/src/app.c:54:
C:/Users/agust/OneDrive/Archivo/Facu/Materias/2025C1/Taller de Sistemas Embebidos/TPF/tdse_workspace_tpf/tdse-tpf/app/inc/task_actuator_interface.h:55:37: error: unknown type name 'task_actuator_ev_t'
   55 | extern void put_event_task_actuator(task_actuator_ev_t event, task_actuator_id_t identifier);
      |                                     ^~~~~~~~~~~~~~~~~~
C:/Users/agust/OneDrive/Archivo/Facu/Materias/2025C1/Taller de Sistemas Embebidos/TPF/tdse_workspace_tpf/tdse-tpf/app/inc/task_actuator_interface.h:55:63: error: unknown type name 'task_actuator_id_t'
   55 | extern void put_event_task_actuator(task_actuator_ev_t event, task_actuator_id_t identifier);
      |                                                               ^~~~~~~~~~~~~~~~~~
../app/src/app.c: In function 'app_update':
../app/src/app.c:148:25: warning: implicit declaration of function 'put_event_task_actuator' [-Wimplicit-function-declaration]
  148 |                         put_event_task_actuator(EV_BINDS_XX_CLOSE,ID_BINDS);
      |                         ^~~~~~~~~~~~~~~~~~~~~~~
make: *** [app/src/subdir.mk:31: app/src/app.o] Error 1
"make -j8 all" terminated with exit code 2. Build might be incomplete.
12:16:33 **** Incremental Build of configuration Debug for project tdse-tpf ****
make -j8 all 
arm-none-eabi-gcc "../app/src/app.c" -mcpu=cortex-m3 -std=gnu11 -g3 -DDEBUG -DUSE_HAL_DRIVER -DSTM32F103xB -c -I../Core/Inc -I../Drivers/STM32F1xx_HAL_Driver/Inc -I../Drivers/STM32F1xx_HAL_Driver/Inc/Legacy -I../Drivers/CMSIS/Device/ST/STM32F1xx/Include -I../Drivers/CMSIS/Include -I"C:/Users/agust/OneDrive/Archivo/Facu/Materias/2025C1/Taller de Sistemas Embebidos/TPF/tdse_workspace_tpf/tdse-tpf/app/inc" -O0 -ffunction-sections -fdata-sections -Wall -fstack-usage -fcyclomatic-complexity -MMD -MP -MF"app/src/app.d" -MT"app/src/app.o" --specs=nano.specs -mfloat-abi=soft -mthumb -o "app/src/app.o"
In file included from ../app/src/app.c:55:
C:/Users/agust/OneDrive/Archivo/Facu/Materias/2025C1/Taller de Sistemas Embebidos/TPF/tdse_workspace_tpf/tdse-tpf/app/inc/task_actuator_interface.h:55:37: error: unknown type name 'task_actuator_ev_t'
   55 | extern void put_event_task_actuator(task_actuator_ev_t event, task_actuator_id_t identifier);
      |                                     ^~~~~~~~~~~~~~~~~~
C:/Users/agust/OneDrive/Archivo/Facu/Materias/2025C1/Taller de Sistemas Embebidos/TPF/tdse_workspace_tpf/tdse-tpf/app/inc/task_actuator_interface.h:55:63: error: unknown type name 'task_actuator_id_t'
   55 | extern void put_event_task_actuator(task_actuator_ev_t event, task_actuator_id_t identifier);
      |                                                               ^~~~~~~~~~~~~~~~~~
../app/src/app.c: In function 'app_update':
../app/src/app.c:151:25: warning: implicit declaration of function 'put_event_task_actuator' [-Wimplicit-function-declaration]
  151 |                         put_event_task_actuator(EV_BINDS_XX_CLOSE,ID_BINDS);
      |                         ^~~~~~~~~~~~~~~~~~~~~~~
make: *** [app/src/subdir.mk:31: app/src/app.o] Error 1
"make -j8 all" terminated with exit code 2. Build might be incomplete.
12:17:34 **** Incremental Build of configuration Debug for project tdse-tpf ****
make -j8 all 
arm-none-eabi-gcc "../app/src/app.c" -mcpu=cortex-m3 -std=gnu11 -g3 -DDEBUG -DUSE_HAL_DRIVER -DSTM32F103xB -c -I../Core/Inc -I../Drivers/STM32F1xx_HAL_Driver/Inc -I../Drivers/STM32F1xx_HAL_Driver/Inc/Legacy -I../Drivers/CMSIS/Device/ST/STM32F1xx/Include -I../Drivers/CMSIS/Include -I"C:/Users/agust/OneDrive/Archivo/Facu/Materias/2025C1/Taller de Sistemas Embebidos/TPF/tdse_workspace_tpf/tdse-tpf/app/inc" -O0 -ffunction-sections -fdata-sections -Wall -fstack-usage -fcyclomatic-complexity -MMD -MP -MF"app/src/app.d" -MT"app/src/app.o" --specs=nano.specs -mfloat-abi=soft -mthumb -o "app/src/app.o"
arm-none-eabi-gcc "../app/src/task_actuator.c" -mcpu=cortex-m3 -std=gnu11 -g3 -DDEBUG -DUSE_HAL_DRIVER -DSTM32F103xB -c -I../Core/Inc -I../Drivers/STM32F1xx_HAL_Driver/Inc -I../Drivers/STM32F1xx_HAL_Driver/Inc/Legacy -I../Drivers/CMSIS/Device/ST/STM32F1xx/Include -I../Drivers/CMSIS/Include -I"C:/Users/agust/OneDrive/Archivo/Facu/Materias/2025C1/Taller de Sistemas Embebidos/TPF/tdse_workspace_tpf/tdse-tpf/app/inc" -O0 -ffunction-sections -fdata-sections -Wall -fstack-usage -fcyclomatic-complexity -MMD -MP -MF"app/src/task_actuator.d" -MT"app/src/task_actuator.o" --specs=nano.specs -mfloat-abi=soft -mthumb -o "app/src/task_actuator.o"
../app/src/task_actuator.c: In function 'task_actuator_init':
../app/src/task_actuator.c:89:36: warning: variable 'p_task_actuator_cfg' set but not used [-Wunused-but-set-variable]
   89 |         const task_actuator_cfg_t *p_task_actuator_cfg;
      |                                    ^~~~~~~~~~~~~~~~~~~
arm-none-eabi-gcc -o "tdse-tpf.elf" @"objects.list"  -lrdimon -mcpu=cortex-m3 -T"C:\Users\agust\OneDrive\Archivo\Facu\Materias\2025C1\Taller de Sistemas Embebidos\TPF\tdse_workspace_tpf\tdse-tpf\STM32F103RBTX_FLASH.ld" --specs=nosys.specs -Wl,-Map="tdse-tpf.map" -Wl,--gc-sections -static -specs=rdimon.specs --specs=nano.specs -mfloat-abi=soft -mthumb -Wl,--start-group -lc -lm -Wl,--end-group
Finished building target: tdse-tpf.elf
 
arm-none-eabi-size  tdse-tpf.elf 
arm-none-eabi-objdump -h -S tdse-tpf.elf  > "tdse-tpf.list"
   text	   data	    bss	    dec	    hex	filename
  17512	    140	   2316	  19968	   4e00	tdse-tpf.elf
Finished building: default.size.stdout
 
Finished building: tdse-tpf.list
 
12:19:48 **** Incremental Build of configuration Debug for project tdse-tpf ****
make -j8 all 
arm-none-eabi-gcc "../app/src/app.c" -mcpu=cortex-m3 -std=gnu11 -g3 -DDEBUG -DUSE_HAL_DRIVER -DSTM32F103xB -c -I../Core/Inc -I../Drivers/STM32F1xx_HAL_Driver/Inc -I../Drivers/STM32F1xx_HAL_Driver/Inc/Legacy -I../Drivers/CMSIS/Device/ST/STM32F1xx/Include -I../Drivers/CMSIS/Include -I"C:/Users/agust/OneDrive/Archivo/Facu/Materias/2025C1/Taller de Sistemas Embebidos/TPF/tdse_workspace_tpf/tdse-tpf/app/inc" -O0 -ffunction-sections -fdata-sections -Wall -fstack-usage -fcyclomatic-complexity -MMD -MP -MF"app/src/app.d" -MT"app/src/app.o" --specs=nano.specs -mfloat-abi=soft -mthumb -o "app/src/app.o"
arm-none-eabi-gcc -o "tdse-tpf.elf" @"objects.list"  -lrdimon -mcpu=cortex-m3 -T"C:\Users\agust\OneDrive\Archivo\Facu\Materias\2025C1\Taller de Sistemas Embebidos\TPF\tdse_workspace_tpf\tdse-tpf\STM32F103RBTX_FLASH.ld" --specs=nosys.specs -Wl,-Map="tdse-tpf.map" -Wl,--gc-sections -static -specs=rdimon.specs --specs=nano.specs -mfloat-abi=soft -mthumb -Wl,--start-group -lc -lm -Wl,--end-group
Finished building target: tdse-tpf.elf
 
arm-none-eabi-size  tdse-tpf.elf 
arm-none-eabi-objdump -h -S tdse-tpf.elf  > "tdse-tpf.list"
   text	   data	    bss	    dec	    hex	filename
  17504	    140	   2316	  19960	   4df8	tdse-tpf.elf
Finished building: default.size.stdout
 
Finished building: tdse-tpf.list
 
12:42:17 **** Incremental Build of configuration Debug for project tdse-tpf ****
make -j8 all 
arm-none-eabi-gcc "../app/src/app.c" -mcpu=cortex-m3 -std=gnu11 -g3 -DDEBUG -DUSE_HAL_DRIVER -DSTM32F103xB -c -I../Core/Inc -I../Drivers/STM32F1xx_HAL_Driver/Inc -I../Drivers/STM32F1xx_HAL_Driver/Inc/Legacy -I../Drivers/CMSIS/Device/ST/STM32F1xx/Include -I../Drivers/CMSIS/Include -I"C:/Users/agust/OneDrive/Archivo/Facu/Materias/2025C1/Taller de Sistemas Embebidos/TPF/tdse_workspace_tpf/tdse-tpf/app/inc" -O0 -ffunction-sections -fdata-sections -Wall -fstack-usage -fcyclomatic-complexity -MMD -MP -MF"app/src/app.d" -MT"app/src/app.o" --specs=nano.specs -mfloat-abi=soft -mthumb -o "app/src/app.o"
arm-none-eabi-gcc "../app/src/task_actuator.c" -mcpu=cortex-m3 -std=gnu11 -g3 -DDEBUG -DUSE_HAL_DRIVER -DSTM32F103xB -c -I../Core/Inc -I../Drivers/STM32F1xx_HAL_Driver/Inc -I../Drivers/STM32F1xx_HAL_Driver/Inc/Legacy -I../Drivers/CMSIS/Device/ST/STM32F1xx/Include -I../Drivers/CMSIS/Include -I"C:/Users/agust/OneDrive/Archivo/Facu/Materias/2025C1/Taller de Sistemas Embebidos/TPF/tdse_workspace_tpf/tdse-tpf/app/inc" -O0 -ffunction-sections -fdata-sections -Wall -fstack-usage -fcyclomatic-complexity -MMD -MP -MF"app/src/task_actuator.d" -MT"app/src/task_actuator.o" --specs=nano.specs -mfloat-abi=soft -mthumb -o "app/src/task_actuator.o"
../app/src/task_actuator.c: In function 'task_actuator_init':
../app/src/task_actuator.c:89:36: warning: variable 'p_task_actuator_cfg' set but not used [-Wunused-but-set-variable]
   89 |         const task_actuator_cfg_t *p_task_actuator_cfg;
      |                                    ^~~~~~~~~~~~~~~~~~~
arm-none-eabi-gcc -o "tdse-tpf.elf" @"objects.list"  -lrdimon -mcpu=cortex-m3 -T"C:\Users\agust\OneDrive\Archivo\Facu\Materias\2025C1\Taller de Sistemas Embebidos\TPF\tdse_workspace_tpf\tdse-tpf\STM32F103RBTX_FLASH.ld" --specs=nosys.specs -Wl,-Map="tdse-tpf.map" -Wl,--gc-sections -static -specs=rdimon.specs --specs=nano.specs -mfloat-abi=soft -mthumb -Wl,--start-group -lc -lm -Wl,--end-group
Finished building target: tdse-tpf.elf
 
arm-none-eabi-size  tdse-tpf.elf 
arm-none-eabi-objdump -h -S tdse-tpf.elf  > "tdse-tpf.list"
   text	   data	    bss	    dec	    hex	filename
  17436	    140	   2316	  19892	   4db4	tdse-tpf.elf
Finished building: default.size.stdout
 
Finished building: tdse-tpf.list
 
12:42:55 **** Incremental Build of configuration Debug for project tdse-tpf ****
make -j8 all 
arm-none-eabi-gcc "../app/src/app.c" -mcpu=cortex-m3 -std=gnu11 -g3 -DDEBUG -DUSE_HAL_DRIVER -DSTM32F103xB -c -I../Core/Inc -I../Drivers/STM32F1xx_HAL_Driver/Inc -I../Drivers/STM32F1xx_HAL_Driver/Inc/Legacy -I../Drivers/CMSIS/Device/ST/STM32F1xx/Include -I../Drivers/CMSIS/Include -I"C:/Users/agust/OneDrive/Archivo/Facu/Materias/2025C1/Taller de Sistemas Embebidos/TPF/tdse_workspace_tpf/tdse-tpf/app/inc" -O0 -ffunction-sections -fdata-sections -Wall -fstack-usage -fcyclomatic-complexity -MMD -MP -MF"app/src/app.d" -MT"app/src/app.o" --specs=nano.specs -mfloat-abi=soft -mthumb -o "app/src/app.o"
arm-none-eabi-gcc -o "tdse-tpf.elf" @"objects.list"  -lrdimon -mcpu=cortex-m3 -T"C:\Users\agust\OneDrive\Archivo\Facu\Materias\2025C1\Taller de Sistemas Embebidos\TPF\tdse_workspace_tpf\tdse-tpf\STM32F103RBTX_FLASH.ld" --specs=nosys.specs -Wl,-Map="tdse-tpf.map" -Wl,--gc-sections -static -specs=rdimon.specs --specs=nano.specs -mfloat-abi=soft -mthumb -Wl,--start-group -lc -lm -Wl,--end-group
Finished building target: tdse-tpf.elf
 
arm-none-eabi-size  tdse-tpf.elf 
arm-none-eabi-objdump -h -S tdse-tpf.elf  > "tdse-tpf.list"
   text	   data	    bss	    dec	    hex	filename
  17504	    140	   2316	  19960	   4df8	tdse-tpf.elf
Finished building: default.size.stdout
 
Finished building: tdse-tpf.list
 
12:43:11 **** Incremental Build of configuration Debug for project tdse-tpf ****
make -j8 all 
arm-none-eabi-size  tdse-tpf.elf 
   text	   data	    bss	    dec	    hex	filename
  17504	    140	   2316	  19960	   4df8	tdse-tpf.elf
Finished building: default.size.stdout
 
12:47:46 **** Incremental Build of configuration Debug for project tdse-tpf ****
make -j8 all 
arm-none-eabi-size  tdse-tpf.elf 
   text	   data	    bss	    dec	    hex	filename
  17504	    140	   2316	  19960	   4df8	tdse-tpf.elf
Finished building: default.size.stdout
 
15:08:33 **** Incremental Build of configuration Debug for project tdse-tpf ****
make -j8 all 
arm-none-eabi-size  tdse-tpf.elf 
   text	   data	    bss	    dec	    hex	filename
  17504	    140	   2316	  19960	   4df8	tdse-tpf.elf
Finished building: default.size.stdout
 
15:09:00 **** Incremental Build of configuration Debug for project tdse-tpf ****
make -j8 all 
arm-none-eabi-size  tdse-tpf.elf 
   text	   data	    bss	    dec	    hex	filename
  17504	    140	   2316	  19960	   4df8	tdse-tpf.elf
Finished building: default.size.stdout
 
15:09:43 **** Incremental Build of configuration Debug for project tdse-tpf ****
make -j8 all 
arm-none-eabi-size  tdse-tpf.elf 
   text	   data	    bss	    dec	    hex	filename
  17504	    140	   2316	  19960	   4df8	tdse-tpf.elf
Finished building: default.size.stdout
 
15:10:54 **** Incremental Build of configuration Debug for project tdse-tpf ****
make -j8 all 
arm-none-eabi-gcc "../Core/Src/main.c" -mcpu=cortex-m3 -std=gnu11 -g3 -DDEBUG -DUSE_HAL_DRIVER -DSTM32F103xB -c -I../Core/Inc -I../Drivers/STM32F1xx_HAL_Driver/Inc -I../Drivers/STM32F1xx_HAL_Driver/Inc/Legacy -I../Drivers/CMSIS/Device/ST/STM32F1xx/Include -I../Drivers/CMSIS/Include -I"C:/Users/agust/OneDrive/Archivo/Facu/Materias/2025C1/Taller de Sistemas Embebidos/TPF/tdse_workspace_tpf/tdse-tpf/app/inc" -O0 -ffunction-sections -fdata-sections -Wall -fstack-usage -fcyclomatic-complexity -MMD -MP -MF"Core/Src/main.d" -MT"Core/Src/main.o" --specs=nano.specs -mfloat-abi=soft -mthumb -o "Core/Src/main.o"
arm-none-eabi-gcc -o "tdse-tpf.elf" @"objects.list"  -lrdimon -mcpu=cortex-m3 -T"C:\Users\agust\OneDrive\Archivo\Facu\Materias\2025C1\Taller de Sistemas Embebidos\TPF\tdse_workspace_tpf\tdse-tpf\STM32F103RBTX_FLASH.ld" --specs=nosys.specs -Wl,-Map="tdse-tpf.map" -Wl,--gc-sections -static -specs=rdimon.specs --specs=nano.specs -mfloat-abi=soft -mthumb -Wl,--start-group -lc -lm -Wl,--end-group
Finished building target: tdse-tpf.elf
 
arm-none-eabi-size  tdse-tpf.elf 
arm-none-eabi-objdump -h -S tdse-tpf.elf  > "tdse-tpf.list"
   text	   data	    bss	    dec	    hex	filename
  17504	    140	   2316	  19960	   4df8	tdse-tpf.elf
Finished building: default.size.stdout
 
Finished building: tdse-tpf.list
 
15:11:07 **** Incremental Build of configuration Debug for project tdse-tpf ****
make -j8 all 
arm-none-eabi-size  tdse-tpf.elf 
   text	   data	    bss	    dec	    hex	filename
  17504	    140	   2316	  19960	   4df8	tdse-tpf.elf
Finished building: default.size.stdout
 
15:15:26 **** Incremental Build of configuration Debug for project tdse-tpf ****
make -j8 all 
arm-none-eabi-size  tdse-tpf.elf 
   text	   data	    bss	    dec	    hex	filename
  17504	    140	   2316	  19960	   4df8	tdse-tpf.elf
Finished building: default.size.stdout
 
15:20:18 **** Incremental Build of configuration Debug for project tdse-tpf ****
make -j8 all 
arm-none-eabi-gcc "../app/src/app.c" -mcpu=cortex-m3 -std=gnu11 -g3 -DDEBUG -DUSE_HAL_DRIVER -DSTM32F103xB -c -I../Core/Inc -I../Drivers/STM32F1xx_HAL_Driver/Inc -I../Drivers/STM32F1xx_HAL_Driver/Inc/Legacy -I../Drivers/CMSIS/Device/ST/STM32F1xx/Include -I../Drivers/CMSIS/Include -I"C:/Users/agust/OneDrive/Archivo/Facu/Materias/2025C1/Taller de Sistemas Embebidos/TPF/tdse_workspace_tpf/tdse-tpf/app/inc" -O0 -ffunction-sections -fdata-sections -Wall -fstack-usage -fcyclomatic-complexity -MMD -MP -MF"app/src/app.d" -MT"app/src/app.o" --specs=nano.specs -mfloat-abi=soft -mthumb -o "app/src/app.o"
arm-none-eabi-gcc -o "tdse-tpf.elf" @"objects.list"  -lrdimon -mcpu=cortex-m3 -T"C:\Users\agust\OneDrive\Archivo\Facu\Materias\2025C1\Taller de Sistemas Embebidos\TPF\tdse_workspace_tpf\tdse-tpf\STM32F103RBTX_FLASH.ld" --specs=nosys.specs -Wl,-Map="tdse-tpf.map" -Wl,--gc-sections -static -specs=rdimon.specs --specs=nano.specs -mfloat-abi=soft -mthumb -Wl,--start-group -lc -lm -Wl,--end-group
Finished building target: tdse-tpf.elf
 
arm-none-eabi-size  tdse-tpf.elf 
arm-none-eabi-objdump -h -S tdse-tpf.elf  > "tdse-tpf.list"
   text	   data	    bss	    dec	    hex	filename
  17504	    140	   2316	  19960	   4df8	tdse-tpf.elf
Finished building: default.size.stdout
 
Finished building: tdse-tpf.list
 
15:29:08 **** Incremental Build of configuration Debug for project tdse-tpf ****
make -j8 all 
arm-none-eabi-gcc "../app/src/task_actuator.c" -mcpu=cortex-m3 -std=gnu11 -g3 -DDEBUG -DUSE_HAL_DRIVER -DSTM32F103xB -c -I../Core/Inc -I../Drivers/STM32F1xx_HAL_Driver/Inc -I../Drivers/STM32F1xx_HAL_Driver/Inc/Legacy -I../Drivers/CMSIS/Device/ST/STM32F1xx/Include -I../Drivers/CMSIS/Include -I"C:/Users/agust/OneDrive/Archivo/Facu/Materias/2025C1/Taller de Sistemas Embebidos/TPF/tdse_workspace_tpf/tdse-tpf/app/inc" -O0 -ffunction-sections -fdata-sections -Wall -fstack-usage -fcyclomatic-complexity -MMD -MP -MF"app/src/task_actuator.d" -MT"app/src/task_actuator.o" --specs=nano.specs -mfloat-abi=soft -mthumb -o "app/src/task_actuator.o"
../app/src/task_actuator.c: In function 'task_actuator_init':
../app/src/task_actuator.c:89:36: warning: variable 'p_task_actuator_cfg' set but not used [-Wunused-but-set-variable]
   89 |         const task_actuator_cfg_t *p_task_actuator_cfg;
      |                                    ^~~~~~~~~~~~~~~~~~~
arm-none-eabi-gcc -o "tdse-tpf.elf" @"objects.list"  -lrdimon -mcpu=cortex-m3 -T"C:\Users\agust\OneDrive\Archivo\Facu\Materias\2025C1\Taller de Sistemas Embebidos\TPF\tdse_workspace_tpf\tdse-tpf\STM32F103RBTX_FLASH.ld" --specs=nosys.specs -Wl,-Map="tdse-tpf.map" -Wl,--gc-sections -static -specs=rdimon.specs --specs=nano.specs -mfloat-abi=soft -mthumb -Wl,--start-group -lc -lm -Wl,--end-group
Finished building target: tdse-tpf.elf
 
arm-none-eabi-size  tdse-tpf.elf 
arm-none-eabi-objdump -h -S tdse-tpf.elf  > "tdse-tpf.list"
   text	   data	    bss	    dec	    hex	filename
  17504	    140	   2316	  19960	   4df8	tdse-tpf.elf
Finished building: default.size.stdout
 
Finished building: tdse-tpf.list
 
15:32:11 **** Incremental Build of configuration Debug for project tdse-tpf ****
make -j8 all 
arm-none-eabi-gcc "../app/src/app.c" -mcpu=cortex-m3 -std=gnu11 -g3 -DDEBUG -DUSE_HAL_DRIVER -DSTM32F103xB -c -I../Core/Inc -I../Drivers/STM32F1xx_HAL_Driver/Inc -I../Drivers/STM32F1xx_HAL_Driver/Inc/Legacy -I../Drivers/CMSIS/Device/ST/STM32F1xx/Include -I../Drivers/CMSIS/Include -I"C:/Users/agust/OneDrive/Archivo/Facu/Materias/2025C1/Taller de Sistemas Embebidos/TPF/tdse_workspace_tpf/tdse-tpf/app/inc" -O0 -ffunction-sections -fdata-sections -Wall -fstack-usage -fcyclomatic-complexity -MMD -MP -MF"app/src/app.d" -MT"app/src/app.o" --specs=nano.specs -mfloat-abi=soft -mthumb -o "app/src/app.o"
arm-none-eabi-gcc "../app/src/motor.c" -mcpu=cortex-m3 -std=gnu11 -g3 -DDEBUG -DUSE_HAL_DRIVER -DSTM32F103xB -c -I../Core/Inc -I../Drivers/STM32F1xx_HAL_Driver/Inc -I../Drivers/STM32F1xx_HAL_Driver/Inc/Legacy -I../Drivers/CMSIS/Device/ST/STM32F1xx/Include -I../Drivers/CMSIS/Include -I"C:/Users/agust/OneDrive/Archivo/Facu/Materias/2025C1/Taller de Sistemas Embebidos/TPF/tdse_workspace_tpf/tdse-tpf/app/inc" -O0 -ffunction-sections -fdata-sections -Wall -fstack-usage -fcyclomatic-complexity -MMD -MP -MF"app/src/motor.d" -MT"app/src/motor.o" --specs=nano.specs -mfloat-abi=soft -mthumb -o "app/src/motor.o"
arm-none-eabi-gcc "../app/src/task_actuator.c" -mcpu=cortex-m3 -std=gnu11 -g3 -DDEBUG -DUSE_HAL_DRIVER -DSTM32F103xB -c -I../Core/Inc -I../Drivers/STM32F1xx_HAL_Driver/Inc -I../Drivers/STM32F1xx_HAL_Driver/Inc/Legacy -I../Drivers/CMSIS/Device/ST/STM32F1xx/Include -I../Drivers/CMSIS/Include -I"C:/Users/agust/OneDrive/Archivo/Facu/Materias/2025C1/Taller de Sistemas Embebidos/TPF/tdse_workspace_tpf/tdse-tpf/app/inc" -O0 -ffunction-sections -fdata-sections -Wall -fstack-usage -fcyclomatic-complexity -MMD -MP -MF"app/src/task_actuator.d" -MT"app/src/task_actuator.o" --specs=nano.specs -mfloat-abi=soft -mthumb -o "app/src/task_actuator.o"
arm-none-eabi-gcc "../app/src/task_actuator_interface.c" -mcpu=cortex-m3 -std=gnu11 -g3 -DDEBUG -DUSE_HAL_DRIVER -DSTM32F103xB -c -I../Core/Inc -I../Drivers/STM32F1xx_HAL_Driver/Inc -I../Drivers/STM32F1xx_HAL_Driver/Inc/Legacy -I../Drivers/CMSIS/Device/ST/STM32F1xx/Include -I../Drivers/CMSIS/Include -I"C:/Users/agust/OneDrive/Archivo/Facu/Materias/2025C1/Taller de Sistemas Embebidos/TPF/tdse_workspace_tpf/tdse-tpf/app/inc" -O0 -ffunction-sections -fdata-sections -Wall -fstack-usage -fcyclomatic-complexity -MMD -MP -MF"app/src/task_actuator_interface.d" -MT"app/src/task_actuator_interface.o" --specs=nano.specs -mfloat-abi=soft -mthumb -o "app/src/task_actuator_interface.o"
../app/src/task_actuator.c:63:27: error: conflicting types for 'task_actuator_cfg_list'; have 'const task_actuator_cfg_t[]'
   63 | const task_actuator_cfg_t task_actuator_cfg_list[] = {
      |                           ^~~~~~~~~~~~~~~~~~~~~~
In file included from C:/Users/agust/OneDrive/Archivo/Facu/Materias/2025C1/Taller de Sistemas Embebidos/TPF/tdse_workspace_tpf/tdse-tpf/app/inc/motor.h:13,
                 from ../app/src/task_actuator.c:49:
C:/Users/agust/OneDrive/Archivo/Facu/Materias/2025C1/Taller de Sistemas Embebidos/TPF/tdse_workspace_tpf/tdse-tpf/app/inc/task_actuator_attribute.h:92:28: note: previous declaration of 'task_actuator_cfg_list' with type 'task_actuator_dta_t[]'
   92 | extern task_actuator_dta_t task_actuator_cfg_list[];
      |                            ^~~~~~~~~~~~~~~~~~~~~~
../app/src/task_actuator.c: In function 'task_actuator_init':
../app/src/task_actuator.c:106:17: error: 'p_task_actuator_cfg' undeclared (first use in this function); did you mean 'p_task_actuator_dta'?
  106 |                 p_task_actuator_cfg = &task_actuator_cfg_list[index];
      |                 ^~~~~~~~~~~~~~~~~~~
      |                 p_task_actuator_dta
../app/src/task_actuator.c:106:17: note: each undeclared identifier is reported only once for each function it appears in
make: *** [app/src/subdir.mk:31: app/src/task_actuator.o] Error 1
make: *** Waiting for unfinished jobs....
"make -j8 all" terminated with exit code 2. Build might be incomplete.
15:32:36 **** Incremental Build of configuration Debug for project tdse-tpf ****
make -j8 all 
arm-none-eabi-gcc "../app/src/app.c" -mcpu=cortex-m3 -std=gnu11 -g3 -DDEBUG -DUSE_HAL_DRIVER -DSTM32F103xB -c -I../Core/Inc -I../Drivers/STM32F1xx_HAL_Driver/Inc -I../Drivers/STM32F1xx_HAL_Driver/Inc/Legacy -I../Drivers/CMSIS/Device/ST/STM32F1xx/Include -I../Drivers/CMSIS/Include -I"C:/Users/agust/OneDrive/Archivo/Facu/Materias/2025C1/Taller de Sistemas Embebidos/TPF/tdse_workspace_tpf/tdse-tpf/app/inc" -O0 -ffunction-sections -fdata-sections -Wall -fstack-usage -fcyclomatic-complexity -MMD -MP -MF"app/src/app.d" -MT"app/src/app.o" --specs=nano.specs -mfloat-abi=soft -mthumb -o "app/src/app.o"
arm-none-eabi-gcc "../app/src/motor.c" -mcpu=cortex-m3 -std=gnu11 -g3 -DDEBUG -DUSE_HAL_DRIVER -DSTM32F103xB -c -I../Core/Inc -I../Drivers/STM32F1xx_HAL_Driver/Inc -I../Drivers/STM32F1xx_HAL_Driver/Inc/Legacy -I../Drivers/CMSIS/Device/ST/STM32F1xx/Include -I../Drivers/CMSIS/Include -I"C:/Users/agust/OneDrive/Archivo/Facu/Materias/2025C1/Taller de Sistemas Embebidos/TPF/tdse_workspace_tpf/tdse-tpf/app/inc" -O0 -ffunction-sections -fdata-sections -Wall -fstack-usage -fcyclomatic-complexity -MMD -MP -MF"app/src/motor.d" -MT"app/src/motor.o" --specs=nano.specs -mfloat-abi=soft -mthumb -o "app/src/motor.o"
arm-none-eabi-gcc "../app/src/task_actuator.c" -mcpu=cortex-m3 -std=gnu11 -g3 -DDEBUG -DUSE_HAL_DRIVER -DSTM32F103xB -c -I../Core/Inc -I../Drivers/STM32F1xx_HAL_Driver/Inc -I../Drivers/STM32F1xx_HAL_Driver/Inc/Legacy -I../Drivers/CMSIS/Device/ST/STM32F1xx/Include -I../Drivers/CMSIS/Include -I"C:/Users/agust/OneDrive/Archivo/Facu/Materias/2025C1/Taller de Sistemas Embebidos/TPF/tdse_workspace_tpf/tdse-tpf/app/inc" -O0 -ffunction-sections -fdata-sections -Wall -fstack-usage -fcyclomatic-complexity -MMD -MP -MF"app/src/task_actuator.d" -MT"app/src/task_actuator.o" --specs=nano.specs -mfloat-abi=soft -mthumb -o "app/src/task_actuator.o"
arm-none-eabi-gcc "../app/src/task_actuator_interface.c" -mcpu=cortex-m3 -std=gnu11 -g3 -DDEBUG -DUSE_HAL_DRIVER -DSTM32F103xB -c -I../Core/Inc -I../Drivers/STM32F1xx_HAL_Driver/Inc -I../Drivers/STM32F1xx_HAL_Driver/Inc/Legacy -I../Drivers/CMSIS/Device/ST/STM32F1xx/Include -I../Drivers/CMSIS/Include -I"C:/Users/agust/OneDrive/Archivo/Facu/Materias/2025C1/Taller de Sistemas Embebidos/TPF/tdse_workspace_tpf/tdse-tpf/app/inc" -O0 -ffunction-sections -fdata-sections -Wall -fstack-usage -fcyclomatic-complexity -MMD -MP -MF"app/src/task_actuator_interface.d" -MT"app/src/task_actuator_interface.o" --specs=nano.specs -mfloat-abi=soft -mthumb -o "app/src/task_actuator_interface.o"
../app/src/task_actuator.c:63:27: error: conflicting types for 'task_actuator_cfg_list'; have 'const task_actuator_cfg_t[]'
   63 | const task_actuator_cfg_t task_actuator_cfg_list[] = {
      |                           ^~~~~~~~~~~~~~~~~~~~~~
In file included from C:/Users/agust/OneDrive/Archivo/Facu/Materias/2025C1/Taller de Sistemas Embebidos/TPF/tdse_workspace_tpf/tdse-tpf/app/inc/motor.h:13,
                 from ../app/src/task_actuator.c:49:
C:/Users/agust/OneDrive/Archivo/Facu/Materias/2025C1/Taller de Sistemas Embebidos/TPF/tdse_workspace_tpf/tdse-tpf/app/inc/task_actuator_attribute.h:92:28: note: previous declaration of 'task_actuator_cfg_list' with type 'task_actuator_cfg_t[]'
   92 | extern task_actuator_cfg_t task_actuator_cfg_list[];
      |                            ^~~~~~~~~~~~~~~~~~~~~~
../app/src/task_actuator.c: In function 'task_actuator_init':
../app/src/task_actuator.c:106:17: error: 'p_task_actuator_cfg' undeclared (first use in this function); did you mean 'p_task_actuator_dta'?
  106 |                 p_task_actuator_cfg = &task_actuator_cfg_list[index];
      |                 ^~~~~~~~~~~~~~~~~~~
      |                 p_task_actuator_dta
../app/src/task_actuator.c:106:17: note: each undeclared identifier is reported only once for each function it appears in
make: *** [app/src/subdir.mk:31: app/src/task_actuator.o] Error 1
make: *** Waiting for unfinished jobs....
"make -j8 all" terminated with exit code 2. Build might be incomplete.
15:33:09 **** Incremental Build of configuration Debug for project tdse-tpf ****
make -j8 all 
arm-none-eabi-gcc "../app/src/app.c" -mcpu=cortex-m3 -std=gnu11 -g3 -DDEBUG -DUSE_HAL_DRIVER -DSTM32F103xB -c -I../Core/Inc -I../Drivers/STM32F1xx_HAL_Driver/Inc -I../Drivers/STM32F1xx_HAL_Driver/Inc/Legacy -I../Drivers/CMSIS/Device/ST/STM32F1xx/Include -I../Drivers/CMSIS/Include -I"C:/Users/agust/OneDrive/Archivo/Facu/Materias/2025C1/Taller de Sistemas Embebidos/TPF/tdse_workspace_tpf/tdse-tpf/app/inc" -O0 -ffunction-sections -fdata-sections -Wall -fstack-usage -fcyclomatic-complexity -MMD -MP -MF"app/src/app.d" -MT"app/src/app.o" --specs=nano.specs -mfloat-abi=soft -mthumb -o "app/src/app.o"
arm-none-eabi-gcc "../app/src/motor.c" -mcpu=cortex-m3 -std=gnu11 -g3 -DDEBUG -DUSE_HAL_DRIVER -DSTM32F103xB -c -I../Core/Inc -I../Drivers/STM32F1xx_HAL_Driver/Inc -I../Drivers/STM32F1xx_HAL_Driver/Inc/Legacy -I../Drivers/CMSIS/Device/ST/STM32F1xx/Include -I../Drivers/CMSIS/Include -I"C:/Users/agust/OneDrive/Archivo/Facu/Materias/2025C1/Taller de Sistemas Embebidos/TPF/tdse_workspace_tpf/tdse-tpf/app/inc" -O0 -ffunction-sections -fdata-sections -Wall -fstack-usage -fcyclomatic-complexity -MMD -MP -MF"app/src/motor.d" -MT"app/src/motor.o" --specs=nano.specs -mfloat-abi=soft -mthumb -o "app/src/motor.o"
arm-none-eabi-gcc "../app/src/task_actuator.c" -mcpu=cortex-m3 -std=gnu11 -g3 -DDEBUG -DUSE_HAL_DRIVER -DSTM32F103xB -c -I../Core/Inc -I../Drivers/STM32F1xx_HAL_Driver/Inc -I../Drivers/STM32F1xx_HAL_Driver/Inc/Legacy -I../Drivers/CMSIS/Device/ST/STM32F1xx/Include -I../Drivers/CMSIS/Include -I"C:/Users/agust/OneDrive/Archivo/Facu/Materias/2025C1/Taller de Sistemas Embebidos/TPF/tdse_workspace_tpf/tdse-tpf/app/inc" -O0 -ffunction-sections -fdata-sections -Wall -fstack-usage -fcyclomatic-complexity -MMD -MP -MF"app/src/task_actuator.d" -MT"app/src/task_actuator.o" --specs=nano.specs -mfloat-abi=soft -mthumb -o "app/src/task_actuator.o"
arm-none-eabi-gcc "../app/src/task_actuator_interface.c" -mcpu=cortex-m3 -std=gnu11 -g3 -DDEBUG -DUSE_HAL_DRIVER -DSTM32F103xB -c -I../Core/Inc -I../Drivers/STM32F1xx_HAL_Driver/Inc -I../Drivers/STM32F1xx_HAL_Driver/Inc/Legacy -I../Drivers/CMSIS/Device/ST/STM32F1xx/Include -I../Drivers/CMSIS/Include -I"C:/Users/agust/OneDrive/Archivo/Facu/Materias/2025C1/Taller de Sistemas Embebidos/TPF/tdse_workspace_tpf/tdse-tpf/app/inc" -O0 -ffunction-sections -fdata-sections -Wall -fstack-usage -fcyclomatic-complexity -MMD -MP -MF"app/src/task_actuator_interface.d" -MT"app/src/task_actuator_interface.o" --specs=nano.specs -mfloat-abi=soft -mthumb -o "app/src/task_actuator_interface.o"
../app/src/task_actuator.c: In function 'task_actuator_init':
../app/src/task_actuator.c:106:17: error: 'p_task_actuator_cfg' undeclared (first use in this function); did you mean 'p_task_actuator_dta'?
  106 |                 p_task_actuator_cfg = &task_actuator_cfg_list[index];
      |                 ^~~~~~~~~~~~~~~~~~~
      |                 p_task_actuator_dta
../app/src/task_actuator.c:106:17: note: each undeclared identifier is reported only once for each function it appears in
make: *** [app/src/subdir.mk:31: app/src/task_actuator.o] Error 1
make: *** Waiting for unfinished jobs....
"make -j8 all" terminated with exit code 2. Build might be incomplete.
15:33:43 **** Incremental Build of configuration Debug for project tdse-tpf ****
make -j8 all 
arm-none-eabi-gcc "../app/src/task_actuator.c" -mcpu=cortex-m3 -std=gnu11 -g3 -DDEBUG -DUSE_HAL_DRIVER -DSTM32F103xB -c -I../Core/Inc -I../Drivers/STM32F1xx_HAL_Driver/Inc -I../Drivers/STM32F1xx_HAL_Driver/Inc/Legacy -I../Drivers/CMSIS/Device/ST/STM32F1xx/Include -I../Drivers/CMSIS/Include -I"C:/Users/agust/OneDrive/Archivo/Facu/Materias/2025C1/Taller de Sistemas Embebidos/TPF/tdse_workspace_tpf/tdse-tpf/app/inc" -O0 -ffunction-sections -fdata-sections -Wall -fstack-usage -fcyclomatic-complexity -MMD -MP -MF"app/src/task_actuator.d" -MT"app/src/task_actuator.o" --specs=nano.specs -mfloat-abi=soft -mthumb -o "app/src/task_actuator.o"
arm-none-eabi-gcc -o "tdse-tpf.elf" @"objects.list"  -lrdimon -mcpu=cortex-m3 -T"C:\Users\agust\OneDrive\Archivo\Facu\Materias\2025C1\Taller de Sistemas Embebidos\TPF\tdse_workspace_tpf\tdse-tpf\STM32F103RBTX_FLASH.ld" --specs=nosys.specs -Wl,-Map="tdse-tpf.map" -Wl,--gc-sections -static -specs=rdimon.specs --specs=nano.specs -mfloat-abi=soft -mthumb -Wl,--start-group -lc -lm -Wl,--end-group
Finished building target: tdse-tpf.elf
 
arm-none-eabi-size  tdse-tpf.elf 
arm-none-eabi-objdump -h -S tdse-tpf.elf  > "tdse-tpf.list"
   text	   data	    bss	    dec	    hex	filename
  17492	    140	   2316	  19948	   4dec	tdse-tpf.elf
Finished building: default.size.stdout
 
Finished building: tdse-tpf.list
 
15:34:14 **** Incremental Build of configuration Debug for project tdse-tpf ****
make -j8 all 
arm-none-eabi-size  tdse-tpf.elf 
   text	   data	    bss	    dec	    hex	filename
  17492	    140	   2316	  19948	   4dec	tdse-tpf.elf
Finished building: default.size.stdout
 
15:36:47 **** Incremental Build of configuration Debug for project tdse-tpf ****
make -j8 all 
arm-none-eabi-size  tdse-tpf.elf 
   text	   data	    bss	    dec	    hex	filename
  17492	    140	   2316	  19948	   4dec	tdse-tpf.elf
Finished building: default.size.stdout
 
15:40:24 **** Incremental Build of configuration Debug for project tdse-tpf ****
make -j8 all 
arm-none-eabi-gcc "../app/src/app.c" -mcpu=cortex-m3 -std=gnu11 -g3 -DDEBUG -DUSE_HAL_DRIVER -DSTM32F103xB -c -I../Core/Inc -I../Drivers/STM32F1xx_HAL_Driver/Inc -I../Drivers/STM32F1xx_HAL_Driver/Inc/Legacy -I../Drivers/CMSIS/Device/ST/STM32F1xx/Include -I../Drivers/CMSIS/Include -I"C:/Users/agust/OneDrive/Archivo/Facu/Materias/2025C1/Taller de Sistemas Embebidos/TPF/tdse_workspace_tpf/tdse-tpf/app/inc" -O0 -ffunction-sections -fdata-sections -Wall -fstack-usage -fcyclomatic-complexity -MMD -MP -MF"app/src/app.d" -MT"app/src/app.o" --specs=nano.specs -mfloat-abi=soft -mthumb -o "app/src/app.o"
arm-none-eabi-gcc "../Core/Src/stm32f1xx_it.c" -mcpu=cortex-m3 -std=gnu11 -g3 -DDEBUG -DUSE_HAL_DRIVER -DSTM32F103xB -c -I../Core/Inc -I../Drivers/STM32F1xx_HAL_Driver/Inc -I../Drivers/STM32F1xx_HAL_Driver/Inc/Legacy -I../Drivers/CMSIS/Device/ST/STM32F1xx/Include -I../Drivers/CMSIS/Include -I"C:/Users/agust/OneDrive/Archivo/Facu/Materias/2025C1/Taller de Sistemas Embebidos/TPF/tdse_workspace_tpf/tdse-tpf/app/inc" -O0 -ffunction-sections -fdata-sections -Wall -fstack-usage -fcyclomatic-complexity -MMD -MP -MF"Core/Src/stm32f1xx_it.d" -MT"Core/Src/stm32f1xx_it.o" --specs=nano.specs -mfloat-abi=soft -mthumb -o "Core/Src/stm32f1xx_it.o"
arm-none-eabi-gcc -o "tdse-tpf.elf" @"objects.list"  -lrdimon -mcpu=cortex-m3 -T"C:\Users\agust\OneDrive\Archivo\Facu\Materias\2025C1\Taller de Sistemas Embebidos\TPF\tdse_workspace_tpf\tdse-tpf\STM32F103RBTX_FLASH.ld" --specs=nosys.specs -Wl,-Map="tdse-tpf.map" -Wl,--gc-sections -static -specs=rdimon.specs --specs=nano.specs -mfloat-abi=soft -mthumb -Wl,--start-group -lc -lm -Wl,--end-group
Finished building target: tdse-tpf.elf
 
arm-none-eabi-size  tdse-tpf.elf 
arm-none-eabi-objdump -h -S tdse-tpf.elf  > "tdse-tpf.list"
   text	   data	    bss	    dec	    hex	filename
  17548	    140	   2316	  20004	   4e24	tdse-tpf.elf
Finished building: default.size.stdout
 
Finished building: tdse-tpf.list
 
15:41:36 **** Incremental Build of configuration Debug for project tdse-tpf ****
make -j8 all 
arm-none-eabi-size  tdse-tpf.elf 
   text	   data	    bss	    dec	    hex	filename
  17548	    140	   2316	  20004	   4e24	tdse-tpf.elf
Finished building: default.size.stdout
 
